
> agriclime-sentinel@0.1.0 build
> next build

   ▲ Next.js 16.0.1 (Turbopack)
   - Environments: .env

   Creating an optimized production build ...
 ✓ Compiled successfully in 1409.7ms
   Running TypeScript ...
Failed to compile.

./components/Dashboard/AtmosphericScienceDashboard.tsx:103:36
Type error: Argument of type 'null' is not assignable to parameter of type 'SetStateAction<string>'.

[0m [90m 101 |[39m       } [36melse[39m {
 [90m 102 |[39m         setSevereWeatherIndices([36mnull[39m)[33m;[39m
[31m[1m>[22m[39m[90m 103 |[39m         setSevereWeatherDataSource([36mnull[39m)[33m;[39m
 [90m     |[39m                                    [31m[1m^[22m[39m
 [90m 104 |[39m       }
 [90m 105 |[39m
 [90m 106 |[39m       [90m// Process air quality - REAL DATA ONLY[39m[0m
Next.js build worker exited with code: 1 and signal: null
